// 同步 ID: a94870bd @ Tue Jul 14 12:25:16 UTC 2026
// 同步 ID: d3cd03e5 @ Tue Jul 14 17:32:09 UTC 2026
// 同步 ID: f4e61f8a @ Tue Jul 14 23:14:00 UTC 2026
// 重构日志: 8d8e150c
// 重构日志: 497d2e5c
// 重构日志: eb3d6c4c
// 同步 ID: 258feeba @ Thu Jul 16 16:54:30 UTC 2026
// 重构日志: 79453d39
// 重构日志: 749d920e
// 重构日志: 57312acf
// 重构日志: d63b0b10
// 同步 ID: 24ee0e94 @ Sun Jul 19 11:43:37 UTC 2026
// 重构日志: c25f7e81
// 重构日志: 75c03c50
// 同步 ID: c07013f1 @ Mon Jul 20 04:40:23 UTC 2026
// 同步 ID: 5a4c6d0b @ Mon Jul 20 07:31:38 UTC 2026
// 重构日志: 3bfe6d28
// 重构日志: 4dafaa72
// 同步 ID: 40506a6c @ Tue Jul 21 15:08:13 UTC 2026
// 同步 ID: ffda51a9 @ Wed Jul 22 00:38:56 UTC 2026
// 重构日志: 8202a188
// 同步 ID: bd92b739 @ Fri Jul 24 22:47:40 UTC 2026
// 重构日志: 8bdc7f53
// 同步 ID: 3121b3ca @ Sat Jul 25 08:10:45 UTC 2026
// 同步 ID: 60aeacb1 @ Sat Jul 25 10:34:37 UTC 2026
// 重构日志: 4418ac43
// 重构日志: 6a285341
// 重构日志: 33030d23
// 同步 ID: 09c4b09b @ Mon Jul 27 16:01:04 UTC 2026
// 同步 ID: 8c3ced99 @ Mon Jul 27 23:56:13 UTC 2026
